============================================================
🏗️  BuildBridge-MCP Proof Testing Suite
============================================================
Server: http://localhost:8000
Ground Truth: tests/ground_truth.json
Projects: 3

✅ Server is healthy
   AI Service: Enabled
   Model: gpt-3.5-turbo


🧪 Test 1: Total GCA Query
  ✅ PASSED
  ✅ PASSED

🧪 Test 2: Parking Stalls Query
  ❌ FAILED
    - 72 Perth Avenue: Parking stalls not found in response
    - 24021 - 17175 Yonge St: Parking stalls not found in response
    - 6071 Azure Road: Parking stalls not found in response

🧪 Test 3: Total Direct Cost Query
  ❌ FAILED
    - 72 Perth Avenue: Cost not found in response
    - 24021 - 17175 Yonge St: Cost not found in response
    - 6071 Azure Road: Cost not found in response

🧪 Test 4: Project Locations Query
  ❌ FAILED
    - 24021 - 17175 Yonge St: Location '17175 Yonge St Newmarket, Ontario' not found in response

🧪 Test 5: Portfolio Totals Query
  ❌ FAILED
    - Total Budget not found in response
    - Total Direct Cost not found in response

============================================================
📊 Test Summary
============================================================
Total Tests: 6
Passed: 2
Failed: 4
Success Rate: 33.3%
Total Time: 11.6s

📝 Detailed results saved to: /home/egk/buildbridge-MCP/BuildBridge-MCP/tests/proof_test_results.json

⚠️  4 tests failed. Review the details above.
